{
  "filters_used": [
    {
      "path": "detect_secrets.filters.allowlist.is_line_allowlisted"
    },
    {
      "filename": ".secrets.baseline",
      "path": "detect_secrets.filters.common.is_baseline_file"
    },
    {
      "min_level": 2,
      "path": "detect_secrets.filters.common.is_ignored_due_to_verification_policies"
    },
    {
      "path": "detect_secrets.filters.heuristic.is_indirect_reference"
    },
    {
      "path": "detect_secrets.filters.heuristic.is_likely_id_string"
    },
    {
      "path": "detect_secrets.filters.heuristic.is_lock_file"
    },
    {
      "path": "detect_secrets.filters.heuristic.is_not_alphanumeric_string"
    },
    {
      "path": "detect_secrets.filters.heuristic.is_potential_uuid"
    },
    {
      "path": "detect_secrets.filters.heuristic.is_prefixed_with_dollar_sign"
    },
    {
      "path": "detect_secrets.filters.heuristic.is_sequential_string"
    },
    {
      "path": "detect_secrets.filters.heuristic.is_swagger_file"
    },
    {
      "path": "detect_secrets.filters.heuristic.is_templated_secret"
    },
    {
      "path": "detect_secrets.filters.regex.should_exclude_file",
      "pattern": [
        "\\.git/"
      ]
    }
  ],
  "generated_at": "2026-09-20T13:41:34Z",
  "plugins_used": [
    {
      "name": "ArtifactoryDetector"
    },
    {
      "name": "AWSKeyDetector"
    },
    {
      "name": "AzureStorageKeyDetector"
    },
    {
      "limit": 4.5,
      "name": "Base64HighEntropyString"
    },
    {
      "name": "BasicAuthDetector"
    },
    {
      "name": "CloudantDetector"
    },
    {
      "name": "DiscordBotTokenDetector"
    },
    {
      "name": "GitHubTokenDetector"
    },
    {
      "name": "GitLabTokenDetector"
    },
    {
      "limit": 3.0,
      "name": "HexHighEntropyString"
    },
    {
      "name": "IbmCloudIamDetector"
    },
    {
      "name": "IbmCosHmacDetector"
    },
    {
      "name": "IPPublicDetector"
    },
    {
      "name": "JwtTokenDetector"
    },
    {
      "keyword_exclude": "",
      "name": "KeywordDetector"
    },
    {
      "name": "MailchimpDetector"
    },
    {
      "name": "NpmDetector"
    },
    {
      "name": "OpenAIDetector"
    },
    {
      "name": "PrivateKeyDetector"
    },
    {
      "name": "PypiTokenDetector"
    },
    {
      "name": "SendGridDetector"
    },
    {
      "name": "SlackDetector"
    },
    {
      "name": "SoftlayerDetector"
    },
    {
      "name": "SquareOAuthDetector"
    },
    {
      "name": "StripeDetector"
    },
    {
      "name": "TelegramBotTokenDetector"
    },
    {
      "name": "TwilioKeyDetector"
    }
  ],
  "results": {
    ".env.example": [
      {
        "filename": ".env.example",
        "hashed_secret": "e0514636afaa8054da6e393cad8cb7c0ebd71bd8",
        "is_secret": false,
        "is_verified": false,
        "line_number": 8,
        "type": "Basic Auth Credentials"
      }
    ],
    ".github/workflows/ci.yml": [
      {
        "filename": ".github\\workflows\\ci.yml",
        "hashed_secret": "71f8e7976e4cbc4561c9d62fb283e7f788202acb",
        "is_secret": false,
        "is_verified": false,
        "line_number": 68,
        "type": "Basic Auth Credentials"
      }
    ],
    "app/shared/config.py": [
      {
        "filename": "app\\shared\\config.py",
        "hashed_secret": "e0514636afaa8054da6e393cad8cb7c0ebd71bd8",
        "is_secret": false,
        "is_verified": false,
        "line_number": 26,
        "type": "Basic Auth Credentials"
      }
    ],
    "docker-compose.yml": [
      {
        "filename": "docker-compose.yml",
        "hashed_secret": "e0514636afaa8054da6e393cad8cb7c0ebd71bd8",
        "is_secret": false,
        "is_verified": false,
        "line_number": 16,
        "type": "Basic Auth Credentials"
      },
      {
        "filename": "docker-compose.yml",
        "hashed_secret": "e0514636afaa8054da6e393cad8cb7c0ebd71bd8",
        "is_secret": false,
        "is_verified": false,
        "line_number": 30,
        "type": "Secret Keyword"
      }
    ]
  },
  "version": "1.5.0"
}
